[www.stockwebull.com/index.html]
[backblue.gif]
[fade.gif]
[index.html]
[www.stockwebull.com/index.html]
[www.stockwebull.com/stockwebull.com/index.html]
[www.stockwebull.com/stockwebull.com/assets/images/logoIcon/favicon.png]
[www.stockwebull.com/stockwebull.com/assets/images/logoIcon/logo.png]
[www.stockwebull.com/stockwebull.com/assets/images/seo/62e1644a6eaf71658938442.jpg]
[www.stockwebull.com/stockwebull.com/assets/templates/basic/newfront/css/main797c797c797c.css]
[www.stockwebull.com/stockwebull.com/assets/templates/basic/newfront/css/main797cc797c797c.css]
[www.stockwebull.com/stockwebull.com/assets/templates/basic/newfront/js/scer.js]
[www.stockwebull.com/stockwebull.com/copytrading.html]
[www.stockwebull.com/stockwebull.com/options.html]
[www.stockwebull.com/stockwebull.com/stocks.html]
[www.stockwebull.com/stockwebull.com/forex.html]
[www.stockwebull.com/stockwebull.com/crypto.html]
[www.stockwebull.com/stockwebull.com/nfp.html]
[www.stockwebull.com/stockwebull.com/realestate.html]
[www.stockwebull.com/stockwebull.com/infrastructure.html]
[www.stockwebull.com/stockwebull.com/expert-traders.html]
[www.stockwebull.com/stockwebull.com/financial.html]
[www.stockwebull.com/stockwebull.com/wealth.html]
[www.stockwebull.com/stockwebull.com/retirement.html]
[www.stockwebull.com/stockwebull.com/page/about.html]
[www.stockwebull.com/stockwebull.com/responsibility.html]
[www.stockwebull.com/stockwebull.com/career.html]
[www.stockwebull.com/stockwebull.com/blog.html]
[www.stockwebull.com/www.gstatic.com/images/branding/googlelogo/1x/googlelogo_color_42x16dp.png]
[www.stockwebull.com/translate.google.com/translate_a/element78767876.js]
[www.stockwebull.com/stockwebull.com/login.html]
[www.stockwebull.com/stockwebull.com/assets/templates/basic/newfront/png/header-bg-1.png]
[www.stockwebull.com/stockwebull.com/assets/templates/basic/newfront/png/header-bg-2.png]
[www.stockwebull.com/stockwebull.com/assets/templates/basic/newfront/png/header-bg-3.png]
[www.stockwebull.com/stockwebull.com/register.html]
[www.stockwebull.com/s3.tradingview.com/external-embedding/embed-widget-tickers.js]
[www.stockwebull.com/stockwebull.com/assets/templates/basic/newfront/ui/svgs/icon-successfulTrader.svg]
[www.stockwebull.com/stockwebull.com/assets/templates/basic/newfront/ui/svgs/icon-investPortfolio.svg]
[www.stockwebull.com/stockwebull.com/assets/templates/basic/newfront/ui/svgs/icon-customerService.svg]
[www.stockwebull.com/stockwebull.com/assets/templates/basic/newfront/ui/svgs/icon-globalRegulated.svg]
[www.stockwebull.com/stockwebull.com/assets/templates/basic/newfront/13519515_COPYEXTRADE_2023-01-20___.pdf]
[www.stockwebull.com/stockwebull.com/assets/templates/basic/newfront/ui/img-socialTrading-sideBubble2.png]
[www.stockwebull.com/stockwebull.com/assets/templates/basic/newfront/ui/img-socialTrading-mainBubble1.png]
[www.stockwebull.com/stockwebull.com/assets/templates/basic/newfront/ui/img-socialTrading-sideBubble1.png]
[www.stockwebull.com/stockwebull.com/assets/templates/basic/newfront/ui/img-statCard1.png]
[www.stockwebull.com/stockwebull.com/assets/templates/basic/newfront/ui/img-socialTrading-sideBubble5.png]
[www.stockwebull.com/stockwebull.com/assets/templates/basic/newfront/ui/img-socialTrading-mainBubble2.png]
[www.stockwebull.com/stockwebull.com/assets/templates/basic/newfront/ui/img-socialTrading-sideBubble6.png]
[www.stockwebull.com/stockwebull.com/assets/templates/basic/newfront/ui/img-statCard2.png]
[www.stockwebull.com/stockwebull.com/assets/templates/basic/newfront/ui/img-socialTrading-mainBubble3.png]
[www.stockwebull.com/stockwebull.com/assets/templates/basic/newfront/ui/img-statCard3.png]
[www.stockwebull.com/stockwebull.com/document.html]
[www.stockwebull.com/stockwebull.com/assets/templates/basic/newfront/svg/icon-social.svg]
[www.stockwebull.com/stockwebull.com/assets/templates/basic/newfront/svg/icon-chat.svg]
[www.stockwebull.com/stockwebull.com/assets/templates/basic/newfront/svg/money.svg]
[www.stockwebull.com/stockwebull.com/assets/templates/basic/newfront/svg/graf.svg]
[www.stockwebull.com/stockwebull.com/assets/templates/basic/newfront/svg/cheese.svg]
[www.stockwebull.com/stockwebull.com/assets/templates/basic/newfront/svg/users.svg]
[www.stockwebull.com/stockwebull.com/assets/templates/basic/newfront/svg/1.svg]
[www.stockwebull.com/stockwebull.com/assets/templates/basic/newfront/svg/2.svg]
[www.stockwebull.com/stockwebull.com/assets/templates/basic/newfront/svg/3.svg]
[www.stockwebull.com/stockwebull.com/assets/templates/basic/newfront/svg/4.svg]
[www.stockwebull.com/stockwebull.com/assets/templates/basic/newfront/svg/5.svg]
[www.stockwebull.com/stockwebull.com/assets/templates/basic/newfront/svg/6.svg]
[www.stockwebull.com/stockwebull.com/assets/templates/basic/newfront/svg/7.svg]
[www.stockwebull.com/stockwebull.com/assets/templates/basic/newfront/svg/8.svg]
[s3.tradingview.com/external-embedding/embed-widget-forex-cross-rates.js]
[www.stockwebull.com/stockwebull.com/assets/templates/basic/newfront/css/custom.css]
[www.stockwebull.com/stockwebull.com/assets/templates/basic/newfront/css/animate.min.css]
[www.stockwebull.com/stockwebull.com/assets/images/frontend/testimonial/633554355c4c31664439349.jpg]
[www.stockwebull.com/stockwebull.com/assets/images/frontend/testimonial/633710898f5891664553097.jpg]
[www.stockwebull.com/stockwebull.com/assets/images/frontend/testimonial/633222e7546d71664230119.jpg]
[www.stockwebull.com/stockwebull.com/assets/images/frontend/testimonial/6332203ae66ae1664229434.jpg]
[www.stockwebull.com/stockwebull.com/assets/images/frontend/testimonial/63321dfd4ca661664228861.jpg]
[www.stockwebull.com/stockwebull.com/assets/images/frontend/testimonial/63321ce8172f41664228584.jpg]
[www.stockwebull.com/stockwebull.com/assets/images/frontend/testimonial/63321a2901c5c1664227881.jpg]
[www.stockwebull.com/stockwebull.com/page/privacy.html]
[s3.tradingview.com/external-embedding/embed-widget-timeline.js]
[www.stockwebull.com/stockwebull.com/assets/templates/basic/newfront/js/main830183018301.js]
[www.stockwebull.com/stockwebull.com/assets/templates/basic/newfront/js/main8301183018301.js]
[www.stockwebull.com/stockwebull.com/assets/templates/basic/newfront/js/main83011183018301.js]
[www.stockwebull.com/stockwebull.com/assets/templates/basic/newfront/js/main830111183018301.js]
[www.stockwebull.com/stockwebull.com/index.html]
[www.stockwebull.com/stockwebull.com/assets/templates/basic/newfront/css/main797c797c797c.css]
[www.stockwebull.com/stockwebull.com/assets/templates/basic/newfront/css/main797cc797c797c.css]
[www.stockwebull.com/stockwebull.com/assets/templates/basic/newfront/css/jquery.pagepiling.min8e1f8e1f.css]
[www.stockwebull.com/stockwebull.com/assets/templates/basic/newfront/css/styleb7d4b7d4.css]
[www.stockwebull.com/stockwebull.com/assets/templates/basic/newfront/png/bg-social.mp4]
[www.stockwebull.com/stockwebull.com/assets/templates/basic/newfront/png/bg-social.webm]
[www.stockwebull.com/stockwebull.com/assets/templates/basic/newfront/png/image-social.png]
[www.stockwebull.com/stockwebull.com/assets/templates/basic/newfront/png/activity.png]
[www.stockwebull.com/stockwebull.com/assets/templates/basic/newfront/png/traders.png]
[www.stockwebull.com/stockwebull.com/assets/templates/basic/newfront/png/copyy.png]
[www.stockwebull.com/stockwebull.com/assets/templates/basic/newfront/png/profit.png]
[www.stockwebull.com/stockwebull.com/assets/templates/basic/newfront/png/full-auto.png]
[www.stockwebull.com/stockwebull.com/assets/templates/basic/newfront/png/everyone.png]
[www.stockwebull.com/stockwebull.com/assets/templates/basic/newfront/png/adjustable.png]
[www.stockwebull.com/stockwebull.com/assets/templates/basic/newfront/png/adaptive.png]
[www.stockwebull.com/stockwebull.com/assets/templates/basic/newfront/png/reports.png]
[www.stockwebull.com/stockwebull.com/assets/templates/basic/newfront/png/community.png]
[www.stockwebull.com/stockwebull.com/assets/templates/basic/newfront/png/scalable.png]
[www.stockwebull.com/stockwebull.com/assets/templates/basic/newfront/png/convenient.png]
[www.stockwebull.com/stockwebull.com/assets/templates/basic/newfront/png/trends.png]
[www.stockwebull.com/stockwebull.com/assets/templates/basic/newfront/png/karma.png]
[www.stockwebull.com/ajax.googleapis.com/ajax/libs/jquery/1.11.1/jquery.min.js]
[www.stockwebull.com/stockwebull.com/assets/templates/basic/newfront/js/jquery.pagepiling8e1f8e1f.js]
[www.stockwebull.com/stockwebull.com/copytrading.html]
[www.stockwebull.com/stockwebull.com/assets/templates/basic/newfront/js/script8e1f8e1f.js]
[www.stockwebull.com/stockwebull.com/assets/templates/basic/newfront/png/about-bg.png]
[www.stockwebull.com/stockwebull.com/options.html]
[www.stockwebull.com/stockwebull.com/stocks.html]
[www.stockwebull.com/stockwebull.com/assets/templates/basic/newfront/css/bootstrap.min.css]
[www.stockwebull.com/stockwebull.com/assets/templates/basic/newfront/jpg/forex1.jpg]
[www.stockwebull.com/stockwebull.com/assets/templates/basic/newfront/js/jquery.js]
[www.stockwebull.com/stockwebull.com/forex.html]
[www.stockwebull.com/stockwebull.com/assets/templates/basic/newfront/js/bootstrap.min.js]
[www.stockwebull.com/stockwebull.com/crypto.html]
[www.stockwebull.com/stockwebull.com/assets/templates/basic/newfront/css/wellness-cms.webflow.5eb1ff288.css]
[www.stockwebull.com/stockwebull.com/assets/templates/basic/newfront/jpg/nfp.jpg]
[www.stockwebull.com/stockwebull.com/nfp.html]
[www.stockwebull.com/stockwebull.com/assets/templates/basic/newfront/jpg/01-photomontage_sunrise.jpg]
[www.stockwebull.com/stockwebull.com/assets/templates/basic/newfront/png/potsdamerplatz_tiny.png]
[www.stockwebull.com/stockwebull.com/assets/templates/basic/newfront/jpg/pexels-vladimir-kudinov-36362.jpg]
[www.stockwebull.com/stockwebull.com/assets/templates/basic/newfront/png/2716_4200_150113_rgb.png]
[www.stockwebull.com/stockwebull.com/assets/templates/basic/newfront/jpg/pexels-the-lazy-artist-gallery-1642125.jpg]
[www.stockwebull.com/stockwebull.com/assets/templates/basic/newfront/jpg/2.1_uk_housing.jpg]
[www.stockwebull.com/stockwebull.com/realestate.html]
[www.stockwebull.com/stockwebull.com/assets/templates/basic/newfront/jpg/infra_district_energy_enwave_toronto_pumps_0.jpg]
[www.stockwebull.com/stockwebull.com/assets/templates/basic/newfront/jpg/high-res-jpg-infra_district_energy_enwave_australia_alkaloids_1.jpg]
[www.stockwebull.com/stockwebull.com/assets/templates/basic/newfront/jpg/high-res-jpg-infra_transport_toll_road_avn_chile_south_america_2.jpg]
[www.stockwebull.com/stockwebull.com/assets/templates/basic/newfront/jpg/high-res-jpg-infra_district_energy_enwave_toronto_heat_exchanger_4.jpg]
[www.stockwebull.com/stockwebull.com/assets/templates/basic/newfront/jpg/high-res-jpg-infra_utilities_tdf_telecommunications_avignon_mont_ventoux_france.jpg]
[www.stockwebull.com/stockwebull.com/infrastructure.html]
[www.stockwebull.com/stockwebull.com/assets/templates/basic/newfront/jpeg/1.jpg]
[www.stockwebull.com/stockwebull.com/assets/templates/basic/newfront/jpeg/2.jpg]
[www.stockwebull.com/stockwebull.com/assets/templates/basic/newfront/jpeg/3.jpg]
[www.stockwebull.com/stockwebull.com/assets/templates/basic/newfront/jpeg/4.jpg]
[www.stockwebull.com/stockwebull.com/assets/templates/basic/newfront/jpeg/5.jpg]
[www.stockwebull.com/stockwebull.com/assets/templates/basic/newfront/jpeg/6.jpg]
[www.stockwebull.com/stockwebull.com/assets/templates/basic/newfront/jpeg/7.jpg]
[www.stockwebull.com/stockwebull.com/expert-traders.html]
[www.stockwebull.com/stockwebull.com/5eff1505-d57e-1f1b-f40d-96401b7ebd6a.html]
[www.stockwebull.com/stockwebull.com/5eff1505-d57e-1f1b-f40d-96401b7ebd6b.html]
[www.stockwebull.com/stockwebull.com/5eff1505-d57e-1f1b-f40d-96401b7ebd7e.html]
[www.stockwebull.com/stockwebull.com/a6af4afb-245e-db96-c80f-54c2c22eca11.html]
[www.stockwebull.com/stockwebull.com/assets/templates/basic/newfront/svg/location.svg]
[www.stockwebull.com/stockwebull.com/dcdcd2c9-9af3-ff16-b683-e3f35aeca4b4.html]
[www.stockwebull.com/stockwebull.com/assets/templates/basic/newfront/svg/shield.svg]
[www.stockwebull.com/stockwebull.com/bf9dc504-7a69-585c-1cfa-d816f70a0999.html]
[www.stockwebull.com/stockwebull.com/assets/templates/basic/newfront/svg/credit-card.svg]
[www.stockwebull.com/stockwebull.com/bfd2a1f4-e975-47fc-74d8-ca9fdbfe8d84.html]
[www.stockwebull.com/stockwebull.com/bfd2a1f4-e975-47fc-74d8-ca9fdbfe8d96.html]
[www.stockwebull.com/stockwebull.com/bfd2a1f4-e975-47fc-74d8-ca9fdbfe8d97.html]
[www.stockwebull.com/stockwebull.com/assets/templates/basic/newfront/svg/map.svg]
[www.stockwebull.com/stockwebull.com/bfd2a1f4-e975-47fc-74d8-ca9fdbfe8d9f.html]
[www.stockwebull.com/stockwebull.com/assets/templates/basic/newfront/svg/growth.svg]
[www.stockwebull.com/stockwebull.com/bfd2a1f4-e975-47fc-74d8-ca9fdbfe8da7.html]
[www.stockwebull.com/stockwebull.com/bfd2a1f4-e975-47fc-74d8-ca9fdbfe8d85.html]
[www.stockwebull.com/stockwebull.com/assets/templates/basic/newfront/js/jquery-3.5.1.min.dc5e7f18c8bf79.js]
[www.stockwebull.com/stockwebull.com/assets/templates/basic/newfront/js/webflow.069902445.js]
[www.stockwebull.com/stockwebull.com/financial.html]
[www.stockwebull.com/stockwebull.com/assets/templates/basic/newfront/js/recent.js]
[www.stockwebull.com/stockwebull.com/assets/templates/basic/newfront/jpg/approach-perspective.jpg]
[www.stockwebull.com/stockwebull.com/assets/templates/basic/newfront/jpg/approach-strategies.jpg]
[www.stockwebull.com/stockwebull.com/assets/templates/basic/newfront/jpg/approach-commitment.jpg]
[www.stockwebull.com/stockwebull.com/wealth.html]
[www.stockwebull.com/stockwebull.com/assets/templates/basic/newfront/jpg/doingretirement.jpg]
[www.stockwebull.com/stockwebull.com/assets/templates/basic/newfront/png/chart.png]
[www.stockwebull.com/stockwebull.com/retirement.html]
[www.stockwebull.com/stockwebull.com/assets/templates/basic/newfront/png/why-icon.png]
[www.stockwebull.com/stockwebull.com/assets/templates/basic/newfront/png/mail.png]
[www.stockwebull.com/stockwebull.com/assets/templates/basic/newfront/13519515_stockwebull_2023-01-20__.pdf]
[www.stockwebull.com/stockwebull.com/assets/templates/basic/newfront/svg/quote.svg]
[www.stockwebull.com/stockwebull.com/assets/templates/basic/newfront/png/join-bg.png]
[www.stockwebull.com/s3.tradingview.com/external-embedding/embed-widget-timeline.js]
[www.stockwebull.com/stockwebull.com/page/about.html]
[www.stockwebull.com/www.smartsuppchat.com/loaderd41dd41d.js]
[www.stockwebull.com/stockwebull.com/assets/templates/basic/newfront/jpg/respon1.jpg]
[www.stockwebull.com/stockwebull.com/assets/templates/basic/newfront/jpg/respon2.jpg]
[www.stockwebull.com/stockwebull.com/assets/templates/basic/newfront/jpg/respon3.jpg]
[www.stockwebull.com/stockwebull.com/assets/templates/basic/newfront/png/led.png]
[www.stockwebull.com/stockwebull.com/responsibility.html]
[www.stockwebull.com/stockwebull.com/assets/templates/basic/newfront/png/quick-start-bg.png]
[www.stockwebull.com/stockwebull.com/assets/templates/basic/newfront/jpg/intro-video.jpg]
[www.stockwebull.com/stockwebull.com/career.html]
[www.stockwebull.com/stockwebull.com/blog.html]
[www.stockwebull.com/stockwebull.com/contact.html]
[code.jquery.com/jquery-3.6.4.min.js]
[gtranslate.net/flags/16.png]
[gtranslate.net/flags/16a.png]
[www.stockwebull.com/stockwebull.com/login.html]
[cdnjs.cloudflare.com/ajax/libs/font-awesome/5.13.0/css/all.min.css]
[www.stockwebull.com/stockwebull.com/register.html]
[www.stockwebull.com/stockwebull.com/assets/templates/basic/newfront/ui/svgs/icon-successfulTrader.svg]
[www.stockwebull.com/stockwebull.com/assets/templates/basic/newfront/ui/svgs/icon-investPortfolio.svg]
[www.stockwebull.com/stockwebull.com/assets/templates/basic/newfront/ui/svgs/icon-customerService.svg]
[www.stockwebull.com/stockwebull.com/assets/templates/basic/newfront/ui/svgs/icon-globalRegulated.svg]
[cdnjs.cloudflare.com/ajax/libs/font-awesome/6.1.1/css/all.min.css]
[www.stockwebull.com/assets/images/logoIcon/favicon.png]
[www.stockwebull.com/assets/templates/basic/app-assets/vendors/css/vendors.min.css]
[www.stockwebull.com/assets/templates/basic/app-assets/vendors/css/charts/apexcharts.css]
[www.stockwebull.com/assets/templates/basic/app-assets/vendors/css/extensions/toastr.min.css]
[www.stockwebull.com/assets/templates/basic/app-assets/css/bootstrap.min.css]
[www.stockwebull.com/assets/templates/basic/app-assets/css/bootstrap-extended.min.css]
[www.stockwebull.com/assets/templates/basic/app-assets/css/colors.min.css]
[www.stockwebull.com/assets/templates/basic/app-assets/css/themes/dark-layout.min.css]
[www.stockwebull.com/assets/templates/basic/app-assets/css/themes/bordered-layout.min.css]
[www.stockwebull.com/assets/templates/basic/app-assets/css/themes/semi-dark-layout.min.css]
[www.stockwebull.com/assets/templates/basic/assets/css/style.css]
[www.stockwebull.com/assets/templates/basic/app-assets/vendors/js/vendors.min.js]
[www.stockwebull.com/assets/templates/basic/app-assets/js/core/app-menu.min.js]
[www.stockwebull.com/assets/templates/basic/app-assets/js/core/app.min.js]
[www.stockwebull.com/stockwebull.com/document.html]
[www.stockwebull.com/stockwebull.com/assets/templates/basic/newfront/svg/icon-social.svg]
[www.stockwebull.com/stockwebull.com/assets/templates/basic/newfront/svg/icon-chat.svg]
[www.stockwebull.com/stockwebull.com/assets/templates/basic/newfront/svg/money.svg]
[www.stockwebull.com/stockwebull.com/assets/templates/basic/newfront/svg/graf.svg]
[www.stockwebull.com/stockwebull.com/assets/templates/basic/newfront/svg/cheese.svg]
[www.stockwebull.com/stockwebull.com/assets/templates/basic/newfront/svg/users.svg]
[www.stockwebull.com/stockwebull.com/assets/templates/basic/newfront/svg/1.svg]
[www.stockwebull.com/stockwebull.com/assets/templates/basic/newfront/svg/2.svg]
[www.stockwebull.com/stockwebull.com/assets/templates/basic/newfront/svg/3.svg]
[www.stockwebull.com/stockwebull.com/assets/templates/basic/newfront/svg/4.svg]
[www.stockwebull.com/stockwebull.com/assets/templates/basic/newfront/svg/5.svg]
[www.stockwebull.com/stockwebull.com/assets/templates/basic/newfront/svg/6.svg]
[www.stockwebull.com/stockwebull.com/assets/templates/basic/newfront/svg/7.svg]
[www.stockwebull.com/stockwebull.com/assets/templates/basic/newfront/svg/8.svg]
[www.stockwebull.com/stockwebull.com/assets/templates/basic/newfront/css/custom.css]
[www.stockwebull.com/stockwebull.com/assets/templates/basic/newfront/css/animate.min.css]
[www.stockwebull.com/stockwebull.com/assets/templates/basic/newfront/png/contacts-bg.png]
[www.stockwebull.com/stockwebull.com/page/privacy.html]
[www.stockwebull.com/stockwebull.com/assets/templates/basic/newfront/css/jquery.pagepiling.min8e1f8e1f.css]
[www.stockwebull.com/stockwebull.com/assets/templates/basic/newfront/css/styleb7d4b7d4.css]
[www.stockwebull.com/stockwebull.com/assets/templates/basic/newfront/css/bootstrap.min.css]
[www.stockwebull.com/stockwebull.com/login]
[www.stockwebull.com/cdnjs.cloudflare.com/ajax/libs/font-awesome/5.11.2/css/all.min.css]
[www.stockwebull.com/stockwebull.com/assets/templates/basic/newfront/custom-checkbox-checkmark.589d534424.html]
[www.stockwebull.com/stockwebull.com/assets/templates/basic/newfront/png/5ad12f3b0f7efd883ff17d65_quote-mark.png]
[www.stockwebull.com/stockwebull.com/assets/templates/basic/newfront/svg/5ac50191bbe2f51d11d37177_buscador-musical.svg]
[www.stockwebull.com/stockwebull.com/assets/templates/basic/newfront/background-image.html]
[www.stockwebull.com/stockwebull.com/assets/templates/basic/newfront/jpg/5ac504f30012b04af6789afe_rawpixel-com-256640-unsplash.jpg]
[www.stockwebull.com/stockwebull.com/assets/templates/basic/newfront/jpg/5ac504f45111669faa46c076_victor-freitas-546919-unsplash.jpg]
[www.stockwebull.com/stockwebull.com/assets/templates/basic/newfront/jpg/5ac504f3485eeddec3789918_bruce-mars-554379-unsplash.jpg]
[www.stockwebull.com/stockwebull.com/assets/templates/basic/newfront/png/5ac51084851dd774046e1794_line.png]
[www.stockwebull.com/stockwebull.com/assets/templates/basic/newfront/png/5ac50f1ecbd02156396a298d_show-me-more.png]
[www.stockwebull.com/stockwebull.com/assets/templates/basic/newfront/jpg/5ac51d8c851dd798496e27f1_2.jpg]
[www.stockwebull.com/stockwebull.com/assets/templates/basic/newfront/jpg/5ac51d8c0b0d2fcb286a90bb_1.jpg]
[www.stockwebull.com/stockwebull.com/assets/templates/basic/newfront/jpg/5ac52300f67291456cdb1e93_8.jpg]
[www.stockwebull.com/stockwebull.com/assets/templates/basic/newfront/jpg/5ac5230093037d7367f2f3a3_5.jpg]
[www.stockwebull.com/stockwebull.com/assets/templates/basic/newfront/jpg/5ac52bca93037da49df30239_bruce-mars-559226-unsplash.jpg]
[www.stockwebull.com/stockwebull.com/assets/templates/basic/newfront/jpg/5ac52bcbef857af39a04846d_bruce-mars-554386-unsplash.jpg]
[www.stockwebull.com/stockwebull.com/assets/templates/basic/newfront/png/5ac52e24e55ec460bba4f210_checkmark.png]
[www.stockwebull.com/stockwebull.com/assets/templates/basic/newfront/svg/5ac52f52a93e8858641cb1f9_manzana.svg]
[www.stockwebull.com/stockwebull.com/assets/templates/basic/newfront/svg/5ac64ae299122144a9f15e8d_barra-con-pesas.svg]
[www.stockwebull.com/stockwebull.com/assets/templates/basic/newfront/svg/5ac64ae274d8bd3ac4707b4c_tenis-de-mesa.svg]
[www.stockwebull.com/stockwebull.com/assets/templates/basic/newfront/svg/5ac64ae2991221f020f15e8c_pescado.svg]
[www.stockwebull.com/stockwebull.com/assets/templates/basic/newfront/svg/5ac64ae161777f2c2a8bde1f_zumo-recien-exprimido.svg]
[www.stockwebull.com/stockwebull.com/assets/templates/basic/newfront/jpg/5ac628bfb922b462ff1953a6_caroline-attwood-576169-unsplash.jpg]
[www.stockwebull.com/stockwebull.com/assets/templates/basic/newfront/jpg/5ac62951c9a9f42987a50b6b_bruce-mars-558921-unsplash.jpg]
[www.stockwebull.com/stockwebull.com/assets/templates/basic/newfront/svg/5ac62ab65cab939e9927f3a4_medalla.svg]
[www.stockwebull.com/stockwebull.com/assets/templates/basic/newfront/svg/5ac62ab6afeb5ff9a7cab7d0_cintura.svg]
[www.stockwebull.com/stockwebull.com/assets/templates/basic/newfront/svg/5ac62ab606e220cf456a4ac7_reloj-inteligente.svg]
[www.stockwebull.com/stockwebull.com/assets/templates/basic/newfront/jpg/5accd97c7901616294b4e3ad_alexander-redl-185764-unsplash.jpg]
[www.stockwebull.com/stockwebull.com/assets/templates/basic/newfront/jpg/5acbb9f025bf41529fd96e31_image.jpg]
[www.stockwebull.com/stockwebull.com/assets/templates/basic/newfront/jpg/5ad0bf58d8ce024e607a664f_oscar.jpg]
[www.stockwebull.com/stockwebull.com/assets/templates/basic/newfront/jpg/5ac504f3b50fc937c2e6c866_autumn-goodman-242803-unsplash.jpg]
[www.stockwebull.com/stockwebull.com/assets/templates/basic/newfront/jpg/5ace2a316e76b41c7ae6dc3a_white.jpg]
[www.stockwebull.com/stockwebull.com/assets/templates/basic/newfront/png/5ac64c5b74d8bd3229707cc0_curve.png]
[www.stockwebull.com/stockwebull.com/assets/templates/basic/newfront/jpg/5ac504f46484cf6fd63ef77a_tyler-nix-485827-unsplash.jpg]
[www.stockwebull.com/stockwebull.com/assets/templates/basic/newfront/jpg/5ac650b90ed0adfef84f4cde_victor-freitas-569958-unsplash.jpg]
[www.stockwebull.com/stockwebull.com/assets/templates/basic/newfront/jpg/5ac6531999122173f8f16ce4_vitchakorn-koonyosying-494183-unsplash.jpg]
[www.stockwebull.com/stockwebull.com/assets/templates/basic/newfront/jpg/5ac659f3ac26cb79f7aa57b7_caroline-attwood-301747-unsplash.jpg]
[www.stockwebull.com/stockwebull.com/assets/templates/basic/newfront/jpg/5ac7adcef15a77528c630261_white.jpg]
[www.stockwebull.com/stockwebull.com/assets/templates/basic/newfront/jpg/5ac7dcbd99758e3b801dbe51_victor-freitas-522935-unsplash.jpg]
[www.stockwebull.com/stockwebull.com/assets/templates/basic/newfront/jpg/5ac7dfa4e4871d69046451ae_victor-freitas-522935-unsplash.jpg]
[www.stockwebull.com/stockwebull.com/assets/templates/basic/newfront/jpg/5ac8ebec99758e18161e5a5a_dot.jpg]
[www.stockwebull.com/stockwebull.com/assets/templates/basic/newfront/png/5ac8ec1365190572e450a709_user.png]
[www.stockwebull.com/stockwebull.com/assets/templates/basic/newfront/png/5ac8ec13af4ae81efc300279_email.png]
[www.stockwebull.com/stockwebull.com/assets/templates/basic/newfront/png/5acb7820d92a3583f4eaf31a_phone.png]
[www.stockwebull.com/stockwebull.com/assets/templates/basic/newfront/svg/5ac961bab01ca6d0c6056510_flecha-hacia-arriba.svg]
[www.stockwebull.com/stockwebull.com/assets/templates/basic/newfront/png/5ac964ca99758e43f41eadd9_arrow-3.png]
[www.stockwebull.com/stockwebull.com/assets/templates/basic/newfront/svg/5ac965a1f15a774be164190f_angulo-de-flecha-hacia-abajo.svg]
[www.stockwebull.com/stockwebull.com/assets/templates/basic/newfront/png/5acb98fa5edee851990d82e4_3.png]
[www.stockwebull.com/stockwebull.com/assets/templates/basic/newfront/png/5acb995125bf41d57bd9393e_2.png]
[www.stockwebull.com/stockwebull.com/assets/templates/basic/newfront/png/5acb98fa7bce9547b1f9d17b_1.png]
[www.stockwebull.com/stockwebull.com/assets/templates/basic/newfront/jpg/5acbabb27bce9555e3f9f1da_1.jpg]
[www.stockwebull.com/stockwebull.com/assets/templates/basic/newfront/jpg/5acbada37bce954343f9f34e_2.jpg]
[www.stockwebull.com/stockwebull.com/assets/templates/basic/newfront/jpg/5acbada30b00f7816f84149e_3.jpg]
[www.stockwebull.com/stockwebull.com/assets/templates/basic/newfront/svg/5acbbd1532756e145933d058_bascula.svg]
[www.stockwebull.com/stockwebull.com/assets/templates/basic/newfront/svg/5ad60bbbdc58e1db2c0a4e97_pescado.svg]
[www.stockwebull.com/stockwebull.com/assets/templates/basic/newfront/svg/5acbbf967bce95231efa1742_ropa-de-deporte.svg]
[www.stockwebull.com/stockwebull.com/assets/templates/basic/newfront/svg/5acbbffd25bf415562d97506_peso.svg]
[www.stockwebull.com/stockwebull.com/assets/templates/basic/newfront/jpg/5acbd1611f0d9626a44f11bc_asaf-r-300803-unsplash.jpg]
[www.stockwebull.com/stockwebull.com/assets/templates/basic/newfront/jpg/5accc0d358238f2962747e92_christopher-campbell-40367-unsplash.jpg]
[www.stockwebull.com/stockwebull.com/assets/templates/basic/newfront/jpg/5ad0d4da1dee89404172efd4_caroline-attwood-301745-unsplash.jpg]
[www.stockwebull.com/stockwebull.com/assets/templates/basic/newfront/jpg/5acbdf231f0d9679994f21db_pic.jpg]
[www.stockwebull.com/stockwebull.com/assets/templates/basic/newfront/jpg/5accb3d86634d26bf34c73bc_pic-2.jpg]
[www.stockwebull.com/stockwebull.com/assets/templates/basic/newfront/jpg/5accb3f48bad996d1bc70cbc_pic-3.jpg]
[www.stockwebull.com/stockwebull.com/assets/templates/basic/newfront/jpg/5accdefa5affdd8f14335fd9_kyle-smith-528234-unsplash.jpg]
[www.stockwebull.com/stockwebull.com/assets/templates/basic/newfront/jpg/5acce1b35affdd19f33363c8_jake-jackson-263836-unsplash.jpg]
[www.stockwebull.com/stockwebull.com/assets/templates/basic/newfront/png/5acbd39978f9ca0aad1794e8_gradient.png]
[www.stockwebull.com/stockwebull.com/assets/templates/basic/newfront/jpg/5acce58b7901611ec7b4f536_caroline-attwood-301748-unsplash.jpg]
[www.stockwebull.com/stockwebull.com/assets/templates/basic/newfront/jpg/5ac7dda0e4871d58e664481a_bruce-mars-558730-unsplash.jpg]
[www.stockwebull.com/stockwebull.com/assets/templates/basic/newfront/jpg/5ac7dcdef15a773006634921_victor-freitas-522926-unsplash.jpg]
[www.stockwebull.com/stockwebull.com/assets/templates/basic/newfront/png/567t3168epassword.png]
[www.stockwebull.com/stockwebull.com/assets/templates/basic/newfront/svg/5acb922902301a69985484bf_zapato.svg]
[www.stockwebull.com/stockwebull.com/assets/templates/basic/newfront/svg/5ad0d10f3b9e2b12819e7711_shorts.svg]
[www.stockwebull.com/stockwebull.com/assets/templates/basic/newfront/jpg/5ad0cf0ad923b9236fc5111d_bruce-mars-558661-unsplash.jpg]
[www.stockwebull.com/stockwebull.com/assets/templates/basic/newfront/jpg/5ac7dddc2c10d13b47430a19_caroline-attwood-301746-unsplash.jpg]
[www.stockwebull.com/stockwebull.com/assets/templates/basic/newfront/jpg/5ad0d5130e93f31744da93e6_caroline-attwood-301742-unsplash.jpg]
[www.stockwebull.com/stockwebull.com/assets/templates/basic/newfront/jpg/5ac7dce9af4ae83ae42f809a_victor-freitas-549190-unsplash.jpg]
[www.stockwebull.com/stockwebull.com/assets/templates/basic/newfront/jpg/5ad0d498d923b9ba2bc518b4_jackelin-slack-539451-unsplash.jpg]
[www.stockwebull.com/stockwebull.com/assets/templates/basic/newfront/jpg/5ac51d8c851dd71f7d6e27f0_3.jpg]
[www.stockwebull.com/stockwebull.com/assets/templates/basic/newfront/css/wellness-cms.webflow.5eb1ff288.css]
[www.stockwebull.com/stockwebull.com/5eff1505-d57e-1f1b-f40d-96401b7ebd6a.html]
[www.stockwebull.com/stockwebull.com/5eff1505-d57e-1f1b-f40d-96401b7ebd6b.html]
[www.stockwebull.com/stockwebull.com/5eff1505-d57e-1f1b-f40d-96401b7ebd7e.html]
[www.stockwebull.com/stockwebull.com/a6af4afb-245e-db96-c80f-54c2c22eca11.html]
[www.stockwebull.com/stockwebull.com/assets/templates/basic/newfront/svg/location.svg]
[www.stockwebull.com/stockwebull.com/dcdcd2c9-9af3-ff16-b683-e3f35aeca4b4.html]
[www.stockwebull.com/stockwebull.com/assets/templates/basic/newfront/svg/shield.svg]
[www.stockwebull.com/stockwebull.com/bf9dc504-7a69-585c-1cfa-d816f70a0999.html]
[www.stockwebull.com/stockwebull.com/assets/templates/basic/newfront/svg/credit-card.svg]
[www.stockwebull.com/stockwebull.com/bfd2a1f4-e975-47fc-74d8-ca9fdbfe8d84.html]
[www.stockwebull.com/stockwebull.com/bfd2a1f4-e975-47fc-74d8-ca9fdbfe8d96.html]
[www.stockwebull.com/stockwebull.com/bfd2a1f4-e975-47fc-74d8-ca9fdbfe8d97.html]
[www.stockwebull.com/stockwebull.com/assets/templates/basic/newfront/svg/map.svg]
[www.stockwebull.com/stockwebull.com/bfd2a1f4-e975-47fc-74d8-ca9fdbfe8d9f.html]
[www.stockwebull.com/stockwebull.com/assets/templates/basic/newfront/svg/growth.svg]
[www.stockwebull.com/stockwebull.com/bfd2a1f4-e975-47fc-74d8-ca9fdbfe8da7.html]
[www.stockwebull.com/stockwebull.com/bfd2a1f4-e975-47fc-74d8-ca9fdbfe8d85.html]
[www.stockwebull.com/stockwebull.com/assets/templates/basic/newfront/13519515_stockwebull_2023-01-20__.html]
[www.stockwebull.com/stockwebull.com/assets/templates/basic/newfront/svg/quote.svg]
[cdnjs.cloudflare.com/ajax/libs/font-awesome/5.13.0/css/all.min.css]
[cdnjs.cloudflare.com/ajax/libs/font-awesome/6.1.1/css/all.min.css]
[www.stockwebull.com/assets/images/logoIcon/favicon.html]
[www.stockwebull.com/assets/templates/basic/app-assets/vendors/css/vendors.min.html]
[www.stockwebull.com/assets/templates/basic/app-assets/vendors/css/charts/apexcharts.html]
[www.stockwebull.com/assets/templates/basic/app-assets/vendors/css/extensions/toastr.min.html]
[www.stockwebull.com/assets/templates/basic/app-assets/css/bootstrap.min.html]
[www.stockwebull.com/assets/templates/basic/app-assets/css/bootstrap-extended.min.html]
[www.stockwebull.com/assets/templates/basic/app-assets/css/colors.min.html]
[www.stockwebull.com/assets/templates/basic/app-assets/css/themes/dark-layout.min.html]
[www.stockwebull.com/assets/templates/basic/app-assets/css/themes/bordered-layout.min.html]
[www.stockwebull.com/assets/templates/basic/app-assets/css/themes/semi-dark-layout.min.html]
[www.stockwebull.com/assets/templates/basic/assets/css/style.html]
[www.stockwebull.com/assets/templates/basic/app-assets/vendors/js/vendors.min.html]
[www.stockwebull.com/assets/templates/basic/app-assets/js/core/app-menu.min.html]
[www.stockwebull.com/assets/templates/basic/app-assets/js/core/app.min.html]
[www.stockwebull.com/cdnjs.cloudflare.com/ajax/libs/font-awesome/5.11.2/css/all.min.css]
[www.stockwebull.com/stockwebull.com/assets/templates/basic/newfront/custom-checkbox-checkmark.589d534424.html]
[www.stockwebull.com/stockwebull.com/assets/templates/basic/newfront/svg/5ac50191bbe2f51d11d37177_buscador-musical.svg]
[www.stockwebull.com/stockwebull.com/assets/templates/basic/newfront/background-image.html]
[www.stockwebull.com/stockwebull.com/assets/templates/basic/newfront/svg/5ac52f52a93e8858641cb1f9_manzana.svg]
[www.stockwebull.com/stockwebull.com/assets/templates/basic/newfront/svg/5ac64ae299122144a9f15e8d_barra-con-pesas.svg]
[www.stockwebull.com/stockwebull.com/assets/templates/basic/newfront/svg/5ac64ae274d8bd3ac4707b4c_tenis-de-mesa.svg]
[www.stockwebull.com/stockwebull.com/assets/templates/basic/newfront/svg/5ac64ae2991221f020f15e8c_pescado.svg]
[www.stockwebull.com/stockwebull.com/assets/templates/basic/newfront/svg/5ac64ae161777f2c2a8bde1f_zumo-recien-exprimido.svg]
[www.stockwebull.com/stockwebull.com/assets/templates/basic/newfront/svg/5ac62ab65cab939e9927f3a4_medalla.svg]
[www.stockwebull.com/stockwebull.com/assets/templates/basic/newfront/svg/5ac62ab6afeb5ff9a7cab7d0_cintura.svg]
[www.stockwebull.com/stockwebull.com/assets/templates/basic/newfront/svg/5ac62ab606e220cf456a4ac7_reloj-inteligente.svg]
[www.stockwebull.com/stockwebull.com/assets/templates/basic/newfront/svg/5ac961bab01ca6d0c6056510_flecha-hacia-arriba.svg]
[www.stockwebull.com/stockwebull.com/assets/templates/basic/newfront/svg/5ac965a1f15a774be164190f_angulo-de-flecha-hacia-abajo.svg]
[www.stockwebull.com/stockwebull.com/assets/templates/basic/newfront/svg/5acba03432756e080a339cc0_flecha-reproducir.svg]
[www.stockwebull.com/stockwebull.com/assets/templates/basic/newfront/svg/5acbbd1532756e145933d058_bascula.svg]
[www.stockwebull.com/stockwebull.com/assets/templates/basic/newfront/svg/5ad60bbbdc58e1db2c0a4e97_pescado.svg]
[www.stockwebull.com/stockwebull.com/assets/templates/basic/newfront/svg/5acbbf967bce95231efa1742_ropa-de-deporte.svg]
[www.stockwebull.com/stockwebull.com/assets/templates/basic/newfront/svg/5acbbffd25bf415562d97506_peso.svg]
[www.stockwebull.com/stockwebull.com/assets/templates/basic/newfront/svg/5ace42ca31f6d3e01126a17c_boton-anadir.svg]
[www.stockwebull.com/stockwebull.com/assets/templates/basic/newfront/svg/5acb922902301a69985484bf_zapato.svg]
[www.stockwebull.com/stockwebull.com/assets/templates/basic/newfront/svg/5ad0d10f3b9e2b12819e7711_shorts.svg]
[code.tidio.co_443/cpojllulswv8yspsrdztthmkilfzclsy.js]
[/assets/images/logoIcon/favicon.png]
[/login_files/logo.png]
[captalclime.com/assets/images/seo/62e1644a6eaf71658938442.jpeg]
[/login_files/app.css]
[/login_files/blank.min.css]
[/login_files/style.css]
[captalclime.com/assets/templates/basic/newfront/png/header-bg-3.png]
[/login_files/googlelogo_color_42x16dp.png]
[/login_files/iziToast.min.css]
[/login_files/translate_24dp.png]
[/register_files/logo.png]
[/register_files/app.css]
[/register_files/blank.min.css]
[/register_files/googlelogo_color_42x16dp.png]
[/register_files/iziToast.min.css]
[/register_files/translate_24dp.png]
